// Jest Snapshot v1, https://goo.gl/fbAQLP

exports[`Tournaments-view renders complete view when mounted 1`] = `
<div>
  <section class="header">
    <b-navbar-stub closeonclick="true" mobileburger="true"><template></template> <template></template> <template></template></b-navbar-stub>
  </section>
  <section class="hero">
    <div class="hero-body">
      <div class="container">
        <h1 class="title">Tournaments</h1>
        <h2 class="subtitle">2020</h2>
      </div>
    </div>
  </section>
  <section class="content">
    <b-loading-stub isfullpage="true" animation="fade" oncancel="function _default() {}"></b-loading-stub>
    <div class="container">
      <h1></h1>
      <b-collapse-stub animation="slide" ariaid="newEntryForm" position="is-top" class="card tournament-form">
        <div role="button" class="card-header"><span class="card-header-title"><span>Add new tournament</span></span> <a class="card-header-icon">
            <b-icon-stub icon="menu-up"></b-icon-stub>
          </a></div>
        <div class="card-content">
          <div class="columns">
            <div class="column is-half">
              <div class="field">
                <div class="columns">
                  <div class="column is-half">
                    <b-field-stub label="Name of tournament" addons="true" labelposition="on-border">
                      <b-input-stub expanded="true" usehtml5validation="true" value="" type="text" hascounter="true" customclass="" required="true"></b-input-stub>
                    </b-field-stub>
                  </div>
                  <div class="column is-half">
                    <b-field-stub addons="true">
                      <b-radio-button-stub value="true" nativevalue="true" type="is-primary" expanded="true">
                        International
                      </b-radio-button-stub>
                      <b-radio-button-stub value="true" type="is-primary" expanded="true">
                        National
                      </b-radio-button-stub>
                    </b-field-stub>
                  </div>
                </div>
              </div>
              <div class="field">
                <b-field-stub label="Place of the tournament" addons="true" labelposition="on-border">
                  <b-input-stub expanded="true" icon="city" usehtml5validation="true" value="" type="text" hascounter="true" customclass="" required="true" placeholder="City"></b-input-stub>
                  <b-autocomplete-stub expanded="true" icon="earth" usehtml5validation="true" value="" data="" field="value" keepfirst="true" dropdownposition="auto" placeholder="Country"></b-autocomplete-stub>
                </b-field-stub>
              </div>
              <div class="field">
                <b-field-stub label="Dates" addons="true" labelposition="on-border">
                  <b-datepicker-stub icon="calendar-today" usehtml5validation="true" value="" daynames="Su,M,Tu,W,Th,F,S" monthnames="January,February,March,April,May,June,July,August,September,October,November,December" firstdayofweek="1" inline="true" mindate="Tue Jan 01 2019 02:00:00 GMT+0200 (Eastern European Standard Time)" maxdate="Fri Dec 31 2021 02:00:00 GMT+0200 (Eastern European Standard Time)" placeholder="Pick tournament dates" dateformatter="function _default(date, vm) {
        if (typeof __chunk_2.config.defaultDateFormatter === 'function') {
          return __chunk_2.config.defaultDateFormatter(date);
        } else {
          return defaultDateFormatter(date, vm);
        }
      }" dateparser="function _default(date, vm) {
        if (typeof __chunk_2.config.defaultDateParser === 'function') {
          return __chunk_2.config.defaultDateParser(date);
        } else {
          return defaultDateParser(date, vm);
        }
      }" datecreator="function _default() {
        if (typeof __chunk_2.config.defaultDateCreator === 'function') {
          return __chunk_2.config.defaultDateCreator();
        } else {
          return new Date();
        }
      }" mobilenative="true" indicators="dots" iconprev="chevron-left" iconnext="chevron-right" yearsrange="-100,3" nearbymonthdays="true" rulesforfirstweek="4" range="true" closeonclick="true" mobilemodal="true" focusable="true" trapfocus="true" required="true"></b-datepicker-stub>
                </b-field-stub>
              </div>
              <div class="field"><label class="label">
                  <b-button-stub type="is-text" iconright="menu-up" nativetype="button" tag="button">Notes (0)
                  </b-button-stub>
                </label>
                <!---->
                <b-field-stub label="Add a note" addons="true" labelposition="on-border">
                  <b-input-stub expanded="true" maxlength="256" usehtml5validation="true" value="" type="textarea" hascounter="true" customclass="" placeholder="Type a message" rows="1"></b-input-stub>
                  <b-button-stub type="is-info" iconleft="comment-text-outline" nativetype="button" tag="button">Add note
                  </b-button-stub>
                </b-field-stub>
                <!---->
              </div>
            </div>
            <div class="column is-half">
              <div id="td-field" class="field">
                <b-field-stub label="Tournament Director / TD" addons="true">
                  <div class="columns">
                    <div class="column is-full">
                      <b-field-stub addons="true">
                        <b-autocomplete-stub expanded="true" icon="magnify" usehtml5validation="true" value="" data="" field="value" keepfirst="true" dropdownposition="auto" placeholder="Search by name or email">
                          &gt;
                          <template></template></b-autocomplete-stub>
                        <b-tooltip-stub active="true" type="is-info" label="Set yourself as the TD" position="is-top" size="is-medium">
                          <b-button-stub type="is-info" iconleft="account-circle-outline" nativetype="button" tag="button" title="Set yourself as TD"></b-button-stub>
                        </b-tooltip-stub>
                      </b-field-stub>
                    </div>
                    <!---->
                  </div>
                </b-field-stub>
              </div>
              <div id="referees-field" class="field">
                <b-field-stub label="Referees" addons="true"></b-field-stub>
                <referee-table-stub editableitem="all" editable="true" value=""></referee-table-stub>
                <b-field-stub label="Add referee" addons="true" labelposition="on-border">
                  <b-autocomplete-stub expanded="true" icon="magnify" usehtml5validation="true" value="" data="" field="value" keepfirst="true" clearonselect="true" dropdownposition="auto" placeholder="Search by name, email or nationality"> <template></template></b-autocomplete-stub>
                  <b-tooltip-stub active="true" type="is-info" label="Add new referee to system" position="is-top" size="is-medium">
                    <b-button-stub type="is-info" iconleft="account-plus" outlined="true" nativetype="button" tag="button">
                      New referee
                    </b-button-stub>
                  </b-tooltip-stub>
                  <b-tooltip-stub active="true" type="is-info" label="Add yourself as a referee" position="is-top" size="is-medium">
                    <b-button-stub type="is-info" iconleft="account-circle-outline" nativetype="button" tag="button"></b-button-stub>
                  </b-tooltip-stub>
                </b-field-stub>
              </div>
              <div class="field">
                <b-field-stub label="Teams competing" addons="true">
                  <div>
                    <b-field-stub addons="true">
                      <b-autocomplete-stub expanded="true" usehtml5validation="true" value="" data="" field="value" keepfirst="true" clearonselect="true" dropdownposition="auto" placeholder="Team name / Country"></b-autocomplete-stub>
                      <b-button-stub type="is-info" iconleft="plus" nativetype="button" tag="button" disabled="true">
                        Add
                      </b-button-stub>
                    </b-field-stub>
                    <div class="team-list"></div>
                  </div>
                </b-field-stub>
              </div>
            </div>
          </div>
          <!---->
          <!---->
          <!---->
        </div>
        <div class="card-footer">
          <b-button-stub type="is-primary" iconleft="check-circle-outline" outlined="true" nativetype="button" tag="button" disabled="true" class="card-footer-item">
            Save
          </b-button-stub>
          <b-button-stub type="is-light" iconleft="cancel" nativetype="button" tag="button" class="card-footer-item">
            Cancel
          </b-button-stub>
          <!---->
        </div>
        <!---->
      </b-collapse-stub>
      <b-field-stub addons="true">
        <b-radio-button-stub value="own" nativevalue="own" type="is-info">
          <b-icon-stub icon="account-circle-outline"></b-icon-stub> <span>Your tournaments</span>
        </b-radio-button-stub>
        <b-radio-button-stub value="own" nativevalue="all" type="is-info">
          <b-icon-stub icon="earth"></b-icon-stub> <span>All tournaments</span>
        </b-radio-button-stub>
      </b-field-stub>
      <div class="tournament-list">
        <b-table-stub data="[object Object]" columns="" striped="true" hoverable="true" detailed="true" headercheckable="true" checkboxposition="left" isrowselectable="function _default() {
        return true;
      }" isrowcheckable="function _default() {
        return true;
      }" checkedrows="" mobilecards="true" defaultsort="name" defaultsortdirection="asc" sorticon="arrow-up" sorticonsize="is-small" sortmultipledata="" currentpage="1" perpage="20" showdetailicon="true" paginationposition="bottom" rowclass="function _default() {
        return '';
      }" openeddetailed="" hasdetailedvisible="function _default() {
        return true;
      }" detailkey="id" total="0" filtersevent=""> <template></template></b-table-stub>
      </div>
      <router-link-stub to="[object Object]" target="_blank" class="spaced">
        <b-button-stub iconright="printer" nativetype="button" tag="button">Print E-passport</b-button-stub>
      </router-link-stub>
      <!---->
    </div>
  </section>
  <section class="footer">
    <footer class="footer">
      <div class="content has-text-centered">
        <p>
          <router-link-stub to="[object Object]">About</router-link-stub>
          |
          <router-link-stub to="[object Object]">Privacy Policy</router-link-stub>
        </p>
        <p><strong>ePass</strong> by <a href="https://github.com/JSomerstone">JSomerstone</a>
          |
          The source code is licensed under <a href="http://www.apache.org/licenses/">Apache Licence v. 2</a>.
          |
          <a href="/versions.txt">Version history</a></p>
      </div>
    </footer>
  </section>
</div>
`;

exports[`Tournaments-view renders correctly with empty list 1`] = `
<layout-stub>
  <tournament-form-stub editable="true" tournament="[object Object]" year="2020" class="tournament-form"></tournament-form-stub>
  <tournament-filter-stub></tournament-filter-stub>
  <tournament-list-stub items="[object Object]" year="2020"></tournament-list-stub>
  <router-link-stub to="[object Object]" target="_blank" class="spaced">
    <b-button-stub iconright="printer" nativetype="button" tag="button">Print E-passport</b-button-stub>
  </router-link-stub>
  <!---->
</layout-stub>
`;
